// Jest Snapshot v1, https://goo.gl/fbAQLP

exports[`Adjudication History Form should render correctly 1`] = `
<form
  onSubmit={[Function]}
>
  <div
    className="sc-kgoBCf hNqWyG"
  >
    <div
      className="sc-bdVaJa gkOpjT"
    >
      <div
        className="sc-bwzfXH dGugEg"
      >
        <div
          className="sc-bdVaJa gkOpjT"
        >
          <h3
            className="sc-kpOJdX jmiqVd sc-jzJRlG jslWVk"
          >
            Filters
          </h3>
        </div>
        <div
          className="sc-bdVaJa gkOpjT"
        >
          <div
            className="sc-kGXeez sbhYD sc-bwzfXH iXLolC"
          >
            <label
              className="sc-chPdSV bZWJhx sc-jTzLTM chExuY"
              id="establishment-select"
            >
              <span
                className="sc-VigVT bXITLn"
              >
                Establishment
              </span>
              <select
                className="sc-kAzzGY fdeKIf"
                name="establishment"
                onBlur={[Function]}
                onChange={[Function]}
                onFocus={[Function]}
                value="MDI"
              >
                <option
                  value=""
                >
                  All
                </option>
                <option
                  value="MDI"
                >
                  Moorland
                </option>
                <option
                  value="LEI"
                >
                  Leicester
                </option>
              </select>
            </label>
          </div>
        </div>
      </div>
      <div
        className="sc-bwzfXH bfdhGR"
      >
        <div
          className="sc-bdVaJa gkOpjT"
        >
          <span
            className="sc-dxgOiQ ihVthS"
          >
            Reported date
          </span>
        </div>
        <div
          className="sc-bdVaJa gkOpjT"
        >
          <div
            className="sc-bwzfXH dGugEg"
            id="from-date"
          >
            <div
              className="rdt"
            >
              <div>
                <label
                  className="sc-jTzLTM gzbVjD"
                >
                  <span
                    className="sc-VigVT bXITLn"
                  >
                     
                    From
                     
                  </span>
                  <input
                    className="form-control sc-fjdhpX bdqmyp"
                    name="fromDate"
                    onChange={[Function]}
                    onClick={[Function]}
                    onFocus={[Function]}
                    onKeyDown={[Function]}
                    placeholder=""
                    readOnly={true}
                    type="text"
                    value="29/03/2017"
                  />
                </label>
              </div>
              <div
                className="rdtPicker"
              >
                <div
                  className="rdtDays"
                >
                  <table>
                    <thead>
                      <tr>
                        <th
                          className="rdtPrev"
                          onClick={[Function]}
                        >
                          <span>
                            ‹
                          </span>
                        </th>
                        <th
                          className="rdtSwitch"
                          colSpan={5}
                          data-value={2}
                          onClick={[Function]}
                        >
                          March 2017
                        </th>
                        <th
                          className="rdtNext"
                          onClick={[Function]}
                        >
                          <span>
                            ›
                          </span>
                        </th>
                      </tr>
                      <tr>
                        <th
                          className="dow"
                        >
                          Mo
                        </th>
                        <th
                          className="dow"
                        >
                          Tu
                        </th>
                        <th
                          className="dow"
                        >
                          We
                        </th>
                        <th
                          className="dow"
                        >
                          Th
                        </th>
                        <th
                          className="dow"
                        >
                          Fr
                        </th>
                        <th
                          className="dow"
                        >
                          Sa
                        </th>
                        <th
                          className="dow"
                        >
                          Su
                        </th>
                      </tr>
                    </thead>
                    <tbody>
                      <tr>
                        <td
                          className="rdtDay rdtOld"
                          data-value={27}
                          onClick={[Function]}
                        >
                          27
                        </td>
                        <td
                          className="rdtDay rdtOld"
                          data-value={28}
                          onClick={[Function]}
                        >
                          28
                        </td>
                        <td
                          className="rdtDay"
                          data-value={1}
                          onClick={[Function]}
                        >
                          1
                        </td>
                        <td
                          className="rdtDay"
                          data-value={2}
                          onClick={[Function]}
                        >
                          2
                        </td>
                        <td
                          className="rdtDay"
                          data-value={3}
                          onClick={[Function]}
                        >
                          3
                        </td>
                        <td
                          className="rdtDay"
                          data-value={4}
                          onClick={[Function]}
                        >
                          4
                        </td>
                        <td
                          className="rdtDay"
                          data-value={5}
                          onClick={[Function]}
                        >
                          5
                        </td>
                      </tr>
                      <tr>
                        <td
                          className="rdtDay"
                          data-value={6}
                          onClick={[Function]}
                        >
                          6
                        </td>
                        <td
                          className="rdtDay"
                          data-value={7}
                          onClick={[Function]}
                        >
                          7
                        </td>
                        <td
                          className="rdtDay"
                          data-value={8}
                          onClick={[Function]}
                        >
                          8
                        </td>
                        <td
                          className="rdtDay"
                          data-value={9}
                          onClick={[Function]}
                        >
                          9
                        </td>
                        <td
                          className="rdtDay"
                          data-value={10}
                          onClick={[Function]}
                        >
                          10
                        </td>
                        <td
                          className="rdtDay"
                          data-value={11}
                          onClick={[Function]}
                        >
                          11
                        </td>
                        <td
                          className="rdtDay"
                          data-value={12}
                          onClick={[Function]}
                        >
                          12
                        </td>
                      </tr>
                      <tr>
                        <td
                          className="rdtDay"
                          data-value={13}
                          onClick={[Function]}
                        >
                          13
                        </td>
                        <td
                          className="rdtDay"
                          data-value={14}
                          onClick={[Function]}
                        >
                          14
                        </td>
                        <td
                          className="rdtDay"
                          data-value={15}
                          onClick={[Function]}
                        >
                          15
                        </td>
                        <td
                          className="rdtDay"
                          data-value={16}
                          onClick={[Function]}
                        >
                          16
                        </td>
                        <td
                          className="rdtDay"
                          data-value={17}
                          onClick={[Function]}
                        >
                          17
                        </td>
                        <td
                          className="rdtDay"
                          data-value={18}
                          onClick={[Function]}
                        >
                          18
                        </td>
                        <td
                          className="rdtDay"
                          data-value={19}
                          onClick={[Function]}
                        >
                          19
                        </td>
                      </tr>
                      <tr>
                        <td
                          className="rdtDay"
                          data-value={20}
                          onClick={[Function]}
                        >
                          20
                        </td>
                        <td
                          className="rdtDay"
                          data-value={21}
                          onClick={[Function]}
                        >
                          21
                        </td>
                        <td
                          className="rdtDay rdtDisabled"
                          data-value={22}
                        >
                          22
                        </td>
                        <td
                          className="rdtDay rdtDisabled"
                          data-value={23}
                        >
                          23
                        </td>
                        <td
                          className="rdtDay rdtDisabled"
                          data-value={24}
                        >
                          24
                        </td>
                        <td
                          className="rdtDay rdtDisabled"
                          data-value={25}
                        >
                          25
                        </td>
                        <td
                          className="rdtDay rdtDisabled"
                          data-value={26}
                        >
                          26
                        </td>
                      </tr>
                      <tr>
                        <td
                          className="rdtDay rdtDisabled"
                          data-value={27}
                        >
                          27
                        </td>
                        <td
                          className="rdtDay rdtDisabled"
                          data-value={28}
                        >
                          28
                        </td>
                        <td
                          className="rdtDay rdtActive rdtDisabled"
                          data-value={29}
                        >
                          29
                        </td>
                        <td
                          className="rdtDay rdtDisabled"
                          data-value={30}
                        >
                          30
                        </td>
                        <td
                          className="rdtDay rdtDisabled"
                          data-value={31}
                        >
                          31
                        </td>
                        <td
                          className="rdtDay rdtNew rdtDisabled"
                          data-value={1}
                        >
                          1
                        </td>
                        <td
                          className="rdtDay rdtNew rdtDisabled"
                          data-value={2}
                        >
                          2
                        </td>
                      </tr>
                      <tr>
                        <td
                          className="rdtDay rdtNew rdtDisabled"
                          data-value={3}
                        >
                          3
                        </td>
                        <td
                          className="rdtDay rdtNew rdtDisabled"
                          data-value={4}
                        >
                          4
                        </td>
                        <td
                          className="rdtDay rdtNew rdtDisabled"
                          data-value={5}
                        >
                          5
                        </td>
                        <td
                          className="rdtDay rdtNew rdtDisabled"
                          data-value={6}
                        >
                          6
                        </td>
                        <td
                          className="rdtDay rdtNew rdtDisabled"
                          data-value={7}
                        >
                          7
                        </td>
                        <td
                          className="rdtDay rdtNew rdtDisabled"
                          data-value={8}
                        >
                          8
                        </td>
                        <td
                          className="rdtDay rdtNew rdtDisabled"
                          data-value={9}
                        >
                          9
                        </td>
                      </tr>
                    </tbody>
                  </table>
                </div>
              </div>
            </div>
          </div>
          <div
            className="sc-bwzfXH dGugEg"
            id="to-date"
          >
            <div
              className="rdt"
            >
              <div>
                <label
                  className="sc-jTzLTM gzbVjD"
                >
                  <span
                    className="sc-VigVT bXITLn"
                  >
                     
                    To
                     
                  </span>
                  <input
                    className="form-control sc-fjdhpX bdqmyp"
                    name="toDate"
                    onChange={[Function]}
                    onClick={[Function]}
                    onFocus={[Function]}
                    onKeyDown={[Function]}
                    placeholder=""
                    readOnly={true}
                    type="text"
                    value="29/03/2017"
                  />
                </label>
              </div>
              <div
                className="rdtPicker"
              >
                <div
                  className="rdtDays"
                >
                  <table>
                    <thead>
                      <tr>
                        <th
                          className="rdtPrev"
                          onClick={[Function]}
                        >
                          <span>
                            ‹
                          </span>
                        </th>
                        <th
                          className="rdtSwitch"
                          colSpan={5}
                          data-value={2}
                          onClick={[Function]}
                        >
                          March 2017
                        </th>
                        <th
                          className="rdtNext"
                          onClick={[Function]}
                        >
                          <span>
                            ›
                          </span>
                        </th>
                      </tr>
                      <tr>
                        <th
                          className="dow"
                        >
                          Mo
                        </th>
                        <th
                          className="dow"
                        >
                          Tu
                        </th>
                        <th
                          className="dow"
                        >
                          We
                        </th>
                        <th
                          className="dow"
                        >
                          Th
                        </th>
                        <th
                          className="dow"
                        >
                          Fr
                        </th>
                        <th
                          className="dow"
                        >
                          Sa
                        </th>
                        <th
                          className="dow"
                        >
                          Su
                        </th>
                      </tr>
                    </thead>
                    <tbody>
                      <tr>
                        <td
                          className="rdtDay rdtOld"
                          data-value={27}
                          onClick={[Function]}
                        >
                          27
                        </td>
                        <td
                          className="rdtDay rdtOld"
                          data-value={28}
                          onClick={[Function]}
                        >
                          28
                        </td>
                        <td
                          className="rdtDay"
                          data-value={1}
                          onClick={[Function]}
                        >
                          1
                        </td>
                        <td
                          className="rdtDay"
                          data-value={2}
                          onClick={[Function]}
                        >
                          2
                        </td>
                        <td
                          className="rdtDay"
                          data-value={3}
                          onClick={[Function]}
                        >
                          3
                        </td>
                        <td
                          className="rdtDay"
                          data-value={4}
                          onClick={[Function]}
                        >
                          4
                        </td>
                        <td
                          className="rdtDay"
                          data-value={5}
                          onClick={[Function]}
                        >
                          5
                        </td>
                      </tr>
                      <tr>
                        <td
                          className="rdtDay"
                          data-value={6}
                          onClick={[Function]}
                        >
                          6
                        </td>
                        <td
                          className="rdtDay"
                          data-value={7}
                          onClick={[Function]}
                        >
                          7
                        </td>
                        <td
                          className="rdtDay"
                          data-value={8}
                          onClick={[Function]}
                        >
                          8
                        </td>
                        <td
                          className="rdtDay"
                          data-value={9}
                          onClick={[Function]}
                        >
                          9
                        </td>
                        <td
                          className="rdtDay"
                          data-value={10}
                          onClick={[Function]}
                        >
                          10
                        </td>
                        <td
                          className="rdtDay"
                          data-value={11}
                          onClick={[Function]}
                        >
                          11
                        </td>
                        <td
                          className="rdtDay"
                          data-value={12}
                          onClick={[Function]}
                        >
                          12
                        </td>
                      </tr>
                      <tr>
                        <td
                          className="rdtDay"
                          data-value={13}
                          onClick={[Function]}
                        >
                          13
                        </td>
                        <td
                          className="rdtDay"
                          data-value={14}
                          onClick={[Function]}
                        >
                          14
                        </td>
                        <td
                          className="rdtDay"
                          data-value={15}
                          onClick={[Function]}
                        >
                          15
                        </td>
                        <td
                          className="rdtDay"
                          data-value={16}
                          onClick={[Function]}
                        >
                          16
                        </td>
                        <td
                          className="rdtDay"
                          data-value={17}
                          onClick={[Function]}
                        >
                          17
                        </td>
                        <td
                          className="rdtDay"
                          data-value={18}
                          onClick={[Function]}
                        >
                          18
                        </td>
                        <td
                          className="rdtDay"
                          data-value={19}
                          onClick={[Function]}
                        >
                          19
                        </td>
                      </tr>
                      <tr>
                        <td
                          className="rdtDay"
                          data-value={20}
                          onClick={[Function]}
                        >
                          20
                        </td>
                        <td
                          className="rdtDay"
                          data-value={21}
                          onClick={[Function]}
                        >
                          21
                        </td>
                        <td
                          className="rdtDay rdtDisabled"
                          data-value={22}
                        >
                          22
                        </td>
                        <td
                          className="rdtDay rdtDisabled"
                          data-value={23}
                        >
                          23
                        </td>
                        <td
                          className="rdtDay rdtDisabled"
                          data-value={24}
                        >
                          24
                        </td>
                        <td
                          className="rdtDay rdtDisabled"
                          data-value={25}
                        >
                          25
                        </td>
                        <td
                          className="rdtDay rdtDisabled"
                          data-value={26}
                        >
                          26
                        </td>
                      </tr>
                      <tr>
                        <td
                          className="rdtDay rdtDisabled"
                          data-value={27}
                        >
                          27
                        </td>
                        <td
                          className="rdtDay rdtDisabled"
                          data-value={28}
                        >
                          28
                        </td>
                        <td
                          className="rdtDay rdtActive rdtDisabled"
                          data-value={29}
                        >
                          29
                        </td>
                        <td
                          className="rdtDay rdtDisabled"
                          data-value={30}
                        >
                          30
                        </td>
                        <td
                          className="rdtDay rdtDisabled"
                          data-value={31}
                        >
                          31
                        </td>
                        <td
                          className="rdtDay rdtNew rdtDisabled"
                          data-value={1}
                        >
                          1
                        </td>
                        <td
                          className="rdtDay rdtNew rdtDisabled"
                          data-value={2}
                        >
                          2
                        </td>
                      </tr>
                      <tr>
                        <td
                          className="rdtDay rdtNew rdtDisabled"
                          data-value={3}
                        >
                          3
                        </td>
                        <td
                          className="rdtDay rdtNew rdtDisabled"
                          data-value={4}
                        >
                          4
                        </td>
                        <td
                          className="rdtDay rdtNew rdtDisabled"
                          data-value={5}
                        >
                          5
                        </td>
                        <td
                          className="rdtDay rdtNew rdtDisabled"
                          data-value={6}
                        >
                          6
                        </td>
                        <td
                          className="rdtDay rdtNew rdtDisabled"
                          data-value={7}
                        >
                          7
                        </td>
                        <td
                          className="rdtDay rdtNew rdtDisabled"
                          data-value={8}
                        >
                          8
                        </td>
                        <td
                          className="rdtDay rdtNew rdtDisabled"
                          data-value={9}
                        >
                          9
                        </td>
                      </tr>
                    </tbody>
                  </table>
                </div>
              </div>
            </div>
          </div>
          <div
            className="sc-bwzfXH dGugEg"
          >
            <p
              className="form-label visible-md visible-lg"
            />
            <button
              className="sc-htpNat hfQKkJ"
              disabled={false}
              id="apply-filter"
              type="submit"
            >
              Apply filters
            </button>
          </div>
        </div>
      </div>
    </div>
    <a
      className="clear-filters link clickable"
      id="clear-filters"
      onClick={[Function]}
      onKeyDown={[Function]}
      role="link"
      tabIndex={0}
    >
      Clear filters
    </a>
  </div>
</form>
`;
