// Jest Snapshot v1, https://goo.gl/fbAQLP

exports[`Incentive level history should render the Incentive level history table correctly 1`] = `
Array [
  <h2
    className="sc-bZQynM ifeWwe"
  >
    Incentive level history
  </h2>,
  <div
    className="sc-htoDjs xQRkw"
  >
    <table
      className="results sc-EHOje kCMYgv"
    >
      <tbody
        className="sc-bwzfXH uTxCW"
      >
        <tr
          className="sc-ifAKCX cFlEyZ"
        >
          <th
            className="sc-bxivhb kJKBjd"
          >
            Date and time
          </th>
          <th
            className="sc-bxivhb crGQu"
          >
            Incentive level
          </th>
          <th
            className="sc-bxivhb gLzMqy"
          >
            Reason
          </th>
          <th
            className="sc-bxivhb kJKBjd"
          >
            Establishment
          </th>
          <th
            className="sc-bxivhb crGQu"
          >
            Staff member
          </th>
        </tr>
        <tr
          className="sc-ifAKCX cFlEyZ"
        >
          <td
            className="sc-bxivhb jMmQxS"
          >
            13/08/2017 - 16:04
          </td>
          <td
            className="sc-bxivhb jMmQxS"
          >
            Standard
          </td>
          <td
            className="sc-bxivhb jMmQxS"
          >
            â€”
          </td>
          <td
            className="sc-bxivhb jMmQxS"
          >
            Leeds
          </td>
          <td
            className="sc-bxivhb jMmQxS"
          >
            Staff Member
          </td>
        </tr>
      </tbody>
    </table>
  </div>,
  <div
    className="sc-gzVnrw VtCIX"
  >
    <table
      className="sc-EHOje kCMYgv"
    >
      <tbody
        className="sc-bwzfXH uTxCW"
      >
        <tr
          className="sc-ifAKCX cFlEyZ"
        >
          <th
            className="sc-bxivhb kZbmwT"
          >
            Date and time
          </th>
          <th
            className="sc-bxivhb kZbmwT"
          >
            Incentive level
          </th>
          <th
            className="sc-bxivhb kZbmwT"
          >
            Establishment
          </th>
        </tr>
        <tr
          className="sc-ifAKCX cFlEyZ"
        >
          <td
            className="sc-bxivhb jMmQxS"
          >
            13/08/2017 - 16:04
          </td>
          <td
            className="sc-bxivhb jMmQxS"
          >
            Standard
          </td>
          <td
            className="sc-bxivhb jMmQxS"
          >
            Leeds
          </td>
        </tr>
      </tbody>
    </table>
  </div>,
]
`;
