// Jest Snapshot v1, https://goo.gl/fbAQLP

exports[`Incentive level history Form should render the Incentive level history table correctly 1`] = `
<form
  onSubmit={[Function]}
>
  <div
    className="sc-chPdSV ddsHXB"
  >
    <div
      className="sc-bdVaJa iAgRsv"
    >
      <div
        className="sc-bwzfXH kUWxme"
      >
        <div
          className="sc-bdVaJa iAgRsv"
        >
          <h3
            className="sc-fjdhpX dWzUoi sc-kGXeez iHgsBB"
          >
            Filters
          </h3>
        </div>
        <div
          className="sc-bdVaJa iAgRsv"
        >
          <div
            className="sc-bwzfXH gWDLqX"
          >
            <label
              className="sc-VigVT iBWXYf sc-kAzzGY drBIpO"
              id="establishment-select"
            >
              <span
                className="sc-gqjmRU dSGTxK"
              >
                Establishment
              </span>
              <select
                className="sc-cSHVUG iCHBuG"
                name="establishment"
                onBlur={[Function]}
                onChange={[Function]}
                onFocus={[Function]}
                value=""
              >
                <option
                  value=""
                >
                  All
                </option>
                <option
                  value="LEI"
                >
                  Leeds
                </option>
              </select>
            </label>
          </div>
          <div
            className="sc-bwzfXH gWDLqX"
          >
            <label
              className="sc-VigVT iBWXYf sc-kAzzGY drBIpO"
              id="iep-level-select"
            >
              <span
                className="sc-gqjmRU dSGTxK"
              >
                Incentive level
              </span>
              <select
                className="sc-cSHVUG iCHBuG"
                name="level"
                onBlur={[Function]}
                onChange={[Function]}
                onFocus={[Function]}
                value=""
              >
                <option
                  value=""
                >
                  All
                </option>
                <option
                  value="Standard"
                >
                  Standard
                </option>
              </select>
            </label>
          </div>
        </div>
      </div>
      <div
        className="sc-bwzfXH kUWxme"
      >
        <div
          className="sc-bdVaJa iAgRsv"
        >
          <span
            className="sc-kpOJdX bxPfDl"
          >
            Date range
          </span>
        </div>
        <div
          className="sc-bdVaJa iAgRsv"
        >
          <div
            className="sc-bwzfXH itECxU"
            id="from-date"
          >
            <div
              className="rdt"
            >
              <div>
                <label
                  className="sc-VigVT dRnUNG"
                >
                  <span
                    className="sc-gqjmRU dSGTxK"
                  >
                     
                    From
                     
                  </span>
                  <input
                    className="sc-jTzLTM iTXUSb form-control"
                    name="fromDate"
                    onChange={[Function]}
                    onFocus={[Function]}
                    onKeyDown={[Function]}
                    placeholder=""
                    readOnly={true}
                    type="text"
                    value=""
                  />
                </label>
              </div>
              <div
                className="rdtPicker"
              >
                <div
                  className="rdtDays"
                >
                  <table>
                    <thead>
                      <tr>
                        <th
                          className="rdtPrev"
                          onClick={[Function]}
                        >
                          <span>
                            ‹
                          </span>
                        </th>
                        <th
                          className="rdtSwitch"
                          colSpan={5}
                          data-value={0}
                          onClick={[Function]}
                        >
                          January 2017
                        </th>
                        <th
                          className="rdtNext"
                          onClick={[Function]}
                        >
                          <span>
                            ›
                          </span>
                        </th>
                      </tr>
                      <tr>
                        <th
                          className="dow"
                        >
                          Mo
                        </th>
                        <th
                          className="dow"
                        >
                          Tu
                        </th>
                        <th
                          className="dow"
                        >
                          We
                        </th>
                        <th
                          className="dow"
                        >
                          Th
                        </th>
                        <th
                          className="dow"
                        >
                          Fr
                        </th>
                        <th
                          className="dow"
                        >
                          Sa
                        </th>
                        <th
                          className="dow"
                        >
                          Su
                        </th>
                      </tr>
                    </thead>
                    <tbody>
                      <tr>
                        <td
                          className="rdtDay rdtOld"
                          data-month={11}
                          data-value={26}
                          data-year={2016}
                          onClick={[Function]}
                        >
                          26
                        </td>
                        <td
                          className="rdtDay rdtOld"
                          data-month={11}
                          data-value={27}
                          data-year={2016}
                          onClick={[Function]}
                        >
                          27
                        </td>
                        <td
                          className="rdtDay rdtOld"
                          data-month={11}
                          data-value={28}
                          data-year={2016}
                          onClick={[Function]}
                        >
                          28
                        </td>
                        <td
                          className="rdtDay rdtOld"
                          data-month={11}
                          data-value={29}
                          data-year={2016}
                          onClick={[Function]}
                        >
                          29
                        </td>
                        <td
                          className="rdtDay rdtOld"
                          data-month={11}
                          data-value={30}
                          data-year={2016}
                          onClick={[Function]}
                        >
                          30
                        </td>
                        <td
                          className="rdtDay rdtOld"
                          data-month={11}
                          data-value={31}
                          data-year={2016}
                          onClick={[Function]}
                        >
                          31
                        </td>
                        <td
                          className="rdtDay rdtToday"
                          data-month={0}
                          data-value={1}
                          data-year={2017}
                          onClick={[Function]}
                        >
                          1
                        </td>
                      </tr>
                      <tr>
                        <td
                          className="rdtDay"
                          data-month={0}
                          data-value={2}
                          data-year={2017}
                          onClick={[Function]}
                        >
                          2
                        </td>
                        <td
                          className="rdtDay"
                          data-month={0}
                          data-value={3}
                          data-year={2017}
                          onClick={[Function]}
                        >
                          3
                        </td>
                        <td
                          className="rdtDay"
                          data-month={0}
                          data-value={4}
                          data-year={2017}
                          onClick={[Function]}
                        >
                          4
                        </td>
                        <td
                          className="rdtDay"
                          data-month={0}
                          data-value={5}
                          data-year={2017}
                          onClick={[Function]}
                        >
                          5
                        </td>
                        <td
                          className="rdtDay"
                          data-month={0}
                          data-value={6}
                          data-year={2017}
                          onClick={[Function]}
                        >
                          6
                        </td>
                        <td
                          className="rdtDay"
                          data-month={0}
                          data-value={7}
                          data-year={2017}
                          onClick={[Function]}
                        >
                          7
                        </td>
                        <td
                          className="rdtDay"
                          data-month={0}
                          data-value={8}
                          data-year={2017}
                          onClick={[Function]}
                        >
                          8
                        </td>
                      </tr>
                      <tr>
                        <td
                          className="rdtDay"
                          data-month={0}
                          data-value={9}
                          data-year={2017}
                          onClick={[Function]}
                        >
                          9
                        </td>
                        <td
                          className="rdtDay"
                          data-month={0}
                          data-value={10}
                          data-year={2017}
                          onClick={[Function]}
                        >
                          10
                        </td>
                        <td
                          className="rdtDay"
                          data-month={0}
                          data-value={11}
                          data-year={2017}
                          onClick={[Function]}
                        >
                          11
                        </td>
                        <td
                          className="rdtDay"
                          data-month={0}
                          data-value={12}
                          data-year={2017}
                          onClick={[Function]}
                        >
                          12
                        </td>
                        <td
                          className="rdtDay"
                          data-month={0}
                          data-value={13}
                          data-year={2017}
                          onClick={[Function]}
                        >
                          13
                        </td>
                        <td
                          className="rdtDay"
                          data-month={0}
                          data-value={14}
                          data-year={2017}
                          onClick={[Function]}
                        >
                          14
                        </td>
                        <td
                          className="rdtDay"
                          data-month={0}
                          data-value={15}
                          data-year={2017}
                          onClick={[Function]}
                        >
                          15
                        </td>
                      </tr>
                      <tr>
                        <td
                          className="rdtDay"
                          data-month={0}
                          data-value={16}
                          data-year={2017}
                          onClick={[Function]}
                        >
                          16
                        </td>
                        <td
                          className="rdtDay"
                          data-month={0}
                          data-value={17}
                          data-year={2017}
                          onClick={[Function]}
                        >
                          17
                        </td>
                        <td
                          className="rdtDay"
                          data-month={0}
                          data-value={18}
                          data-year={2017}
                          onClick={[Function]}
                        >
                          18
                        </td>
                        <td
                          className="rdtDay"
                          data-month={0}
                          data-value={19}
                          data-year={2017}
                          onClick={[Function]}
                        >
                          19
                        </td>
                        <td
                          className="rdtDay"
                          data-month={0}
                          data-value={20}
                          data-year={2017}
                          onClick={[Function]}
                        >
                          20
                        </td>
                        <td
                          className="rdtDay"
                          data-month={0}
                          data-value={21}
                          data-year={2017}
                          onClick={[Function]}
                        >
                          21
                        </td>
                        <td
                          className="rdtDay"
                          data-month={0}
                          data-value={22}
                          data-year={2017}
                          onClick={[Function]}
                        >
                          22
                        </td>
                      </tr>
                      <tr>
                        <td
                          className="rdtDay"
                          data-month={0}
                          data-value={23}
                          data-year={2017}
                          onClick={[Function]}
                        >
                          23
                        </td>
                        <td
                          className="rdtDay"
                          data-month={0}
                          data-value={24}
                          data-year={2017}
                          onClick={[Function]}
                        >
                          24
                        </td>
                        <td
                          className="rdtDay"
                          data-month={0}
                          data-value={25}
                          data-year={2017}
                          onClick={[Function]}
                        >
                          25
                        </td>
                        <td
                          className="rdtDay"
                          data-month={0}
                          data-value={26}
                          data-year={2017}
                          onClick={[Function]}
                        >
                          26
                        </td>
                        <td
                          className="rdtDay"
                          data-month={0}
                          data-value={27}
                          data-year={2017}
                          onClick={[Function]}
                        >
                          27
                        </td>
                        <td
                          className="rdtDay"
                          data-month={0}
                          data-value={28}
                          data-year={2017}
                          onClick={[Function]}
                        >
                          28
                        </td>
                        <td
                          className="rdtDay"
                          data-month={0}
                          data-value={29}
                          data-year={2017}
                          onClick={[Function]}
                        >
                          29
                        </td>
                      </tr>
                      <tr>
                        <td
                          className="rdtDay"
                          data-month={0}
                          data-value={30}
                          data-year={2017}
                          onClick={[Function]}
                        >
                          30
                        </td>
                        <td
                          className="rdtDay"
                          data-month={0}
                          data-value={31}
                          data-year={2017}
                          onClick={[Function]}
                        >
                          31
                        </td>
                        <td
                          className="rdtDay rdtNew"
                          data-month={1}
                          data-value={1}
                          data-year={2017}
                          onClick={[Function]}
                        >
                          1
                        </td>
                        <td
                          className="rdtDay rdtNew"
                          data-month={1}
                          data-value={2}
                          data-year={2017}
                          onClick={[Function]}
                        >
                          2
                        </td>
                        <td
                          className="rdtDay rdtNew"
                          data-month={1}
                          data-value={3}
                          data-year={2017}
                          onClick={[Function]}
                        >
                          3
                        </td>
                        <td
                          className="rdtDay rdtNew"
                          data-month={1}
                          data-value={4}
                          data-year={2017}
                          onClick={[Function]}
                        >
                          4
                        </td>
                        <td
                          className="rdtDay rdtNew"
                          data-month={1}
                          data-value={5}
                          data-year={2017}
                          onClick={[Function]}
                        >
                          5
                        </td>
                      </tr>
                    </tbody>
                  </table>
                </div>
              </div>
            </div>
          </div>
          <div
            className="sc-bwzfXH itECxU"
            id="to-date"
          >
            <div
              className="rdt"
            >
              <div>
                <label
                  className="sc-VigVT dRnUNG"
                >
                  <span
                    className="sc-gqjmRU dSGTxK"
                  >
                     
                    To
                     
                  </span>
                  <input
                    className="sc-jTzLTM iTXUSb form-control"
                    name="toDate"
                    onChange={[Function]}
                    onFocus={[Function]}
                    onKeyDown={[Function]}
                    placeholder=""
                    readOnly={true}
                    type="text"
                    value=""
                  />
                </label>
              </div>
              <div
                className="rdtPicker"
              >
                <div
                  className="rdtDays"
                >
                  <table>
                    <thead>
                      <tr>
                        <th
                          className="rdtPrev"
                          onClick={[Function]}
                        >
                          <span>
                            ‹
                          </span>
                        </th>
                        <th
                          className="rdtSwitch"
                          colSpan={5}
                          data-value={0}
                          onClick={[Function]}
                        >
                          January 2017
                        </th>
                        <th
                          className="rdtNext"
                          onClick={[Function]}
                        >
                          <span>
                            ›
                          </span>
                        </th>
                      </tr>
                      <tr>
                        <th
                          className="dow"
                        >
                          Mo
                        </th>
                        <th
                          className="dow"
                        >
                          Tu
                        </th>
                        <th
                          className="dow"
                        >
                          We
                        </th>
                        <th
                          className="dow"
                        >
                          Th
                        </th>
                        <th
                          className="dow"
                        >
                          Fr
                        </th>
                        <th
                          className="dow"
                        >
                          Sa
                        </th>
                        <th
                          className="dow"
                        >
                          Su
                        </th>
                      </tr>
                    </thead>
                    <tbody>
                      <tr>
                        <td
                          className="rdtDay rdtOld"
                          data-month={11}
                          data-value={26}
                          data-year={2016}
                          onClick={[Function]}
                        >
                          26
                        </td>
                        <td
                          className="rdtDay rdtOld"
                          data-month={11}
                          data-value={27}
                          data-year={2016}
                          onClick={[Function]}
                        >
                          27
                        </td>
                        <td
                          className="rdtDay rdtOld"
                          data-month={11}
                          data-value={28}
                          data-year={2016}
                          onClick={[Function]}
                        >
                          28
                        </td>
                        <td
                          className="rdtDay rdtOld"
                          data-month={11}
                          data-value={29}
                          data-year={2016}
                          onClick={[Function]}
                        >
                          29
                        </td>
                        <td
                          className="rdtDay rdtOld"
                          data-month={11}
                          data-value={30}
                          data-year={2016}
                          onClick={[Function]}
                        >
                          30
                        </td>
                        <td
                          className="rdtDay rdtOld"
                          data-month={11}
                          data-value={31}
                          data-year={2016}
                          onClick={[Function]}
                        >
                          31
                        </td>
                        <td
                          className="rdtDay rdtToday"
                          data-month={0}
                          data-value={1}
                          data-year={2017}
                          onClick={[Function]}
                        >
                          1
                        </td>
                      </tr>
                      <tr>
                        <td
                          className="rdtDay"
                          data-month={0}
                          data-value={2}
                          data-year={2017}
                          onClick={[Function]}
                        >
                          2
                        </td>
                        <td
                          className="rdtDay"
                          data-month={0}
                          data-value={3}
                          data-year={2017}
                          onClick={[Function]}
                        >
                          3
                        </td>
                        <td
                          className="rdtDay"
                          data-month={0}
                          data-value={4}
                          data-year={2017}
                          onClick={[Function]}
                        >
                          4
                        </td>
                        <td
                          className="rdtDay"
                          data-month={0}
                          data-value={5}
                          data-year={2017}
                          onClick={[Function]}
                        >
                          5
                        </td>
                        <td
                          className="rdtDay"
                          data-month={0}
                          data-value={6}
                          data-year={2017}
                          onClick={[Function]}
                        >
                          6
                        </td>
                        <td
                          className="rdtDay"
                          data-month={0}
                          data-value={7}
                          data-year={2017}
                          onClick={[Function]}
                        >
                          7
                        </td>
                        <td
                          className="rdtDay"
                          data-month={0}
                          data-value={8}
                          data-year={2017}
                          onClick={[Function]}
                        >
                          8
                        </td>
                      </tr>
                      <tr>
                        <td
                          className="rdtDay"
                          data-month={0}
                          data-value={9}
                          data-year={2017}
                          onClick={[Function]}
                        >
                          9
                        </td>
                        <td
                          className="rdtDay"
                          data-month={0}
                          data-value={10}
                          data-year={2017}
                          onClick={[Function]}
                        >
                          10
                        </td>
                        <td
                          className="rdtDay"
                          data-month={0}
                          data-value={11}
                          data-year={2017}
                          onClick={[Function]}
                        >
                          11
                        </td>
                        <td
                          className="rdtDay"
                          data-month={0}
                          data-value={12}
                          data-year={2017}
                          onClick={[Function]}
                        >
                          12
                        </td>
                        <td
                          className="rdtDay"
                          data-month={0}
                          data-value={13}
                          data-year={2017}
                          onClick={[Function]}
                        >
                          13
                        </td>
                        <td
                          className="rdtDay"
                          data-month={0}
                          data-value={14}
                          data-year={2017}
                          onClick={[Function]}
                        >
                          14
                        </td>
                        <td
                          className="rdtDay"
                          data-month={0}
                          data-value={15}
                          data-year={2017}
                          onClick={[Function]}
                        >
                          15
                        </td>
                      </tr>
                      <tr>
                        <td
                          className="rdtDay"
                          data-month={0}
                          data-value={16}
                          data-year={2017}
                          onClick={[Function]}
                        >
                          16
                        </td>
                        <td
                          className="rdtDay"
                          data-month={0}
                          data-value={17}
                          data-year={2017}
                          onClick={[Function]}
                        >
                          17
                        </td>
                        <td
                          className="rdtDay"
                          data-month={0}
                          data-value={18}
                          data-year={2017}
                          onClick={[Function]}
                        >
                          18
                        </td>
                        <td
                          className="rdtDay"
                          data-month={0}
                          data-value={19}
                          data-year={2017}
                          onClick={[Function]}
                        >
                          19
                        </td>
                        <td
                          className="rdtDay"
                          data-month={0}
                          data-value={20}
                          data-year={2017}
                          onClick={[Function]}
                        >
                          20
                        </td>
                        <td
                          className="rdtDay"
                          data-month={0}
                          data-value={21}
                          data-year={2017}
                          onClick={[Function]}
                        >
                          21
                        </td>
                        <td
                          className="rdtDay"
                          data-month={0}
                          data-value={22}
                          data-year={2017}
                          onClick={[Function]}
                        >
                          22
                        </td>
                      </tr>
                      <tr>
                        <td
                          className="rdtDay"
                          data-month={0}
                          data-value={23}
                          data-year={2017}
                          onClick={[Function]}
                        >
                          23
                        </td>
                        <td
                          className="rdtDay"
                          data-month={0}
                          data-value={24}
                          data-year={2017}
                          onClick={[Function]}
                        >
                          24
                        </td>
                        <td
                          className="rdtDay"
                          data-month={0}
                          data-value={25}
                          data-year={2017}
                          onClick={[Function]}
                        >
                          25
                        </td>
                        <td
                          className="rdtDay"
                          data-month={0}
                          data-value={26}
                          data-year={2017}
                          onClick={[Function]}
                        >
                          26
                        </td>
                        <td
                          className="rdtDay"
                          data-month={0}
                          data-value={27}
                          data-year={2017}
                          onClick={[Function]}
                        >
                          27
                        </td>
                        <td
                          className="rdtDay"
                          data-month={0}
                          data-value={28}
                          data-year={2017}
                          onClick={[Function]}
                        >
                          28
                        </td>
                        <td
                          className="rdtDay"
                          data-month={0}
                          data-value={29}
                          data-year={2017}
                          onClick={[Function]}
                        >
                          29
                        </td>
                      </tr>
                      <tr>
                        <td
                          className="rdtDay"
                          data-month={0}
                          data-value={30}
                          data-year={2017}
                          onClick={[Function]}
                        >
                          30
                        </td>
                        <td
                          className="rdtDay"
                          data-month={0}
                          data-value={31}
                          data-year={2017}
                          onClick={[Function]}
                        >
                          31
                        </td>
                        <td
                          className="rdtDay rdtNew"
                          data-month={1}
                          data-value={1}
                          data-year={2017}
                          onClick={[Function]}
                        >
                          1
                        </td>
                        <td
                          className="rdtDay rdtNew"
                          data-month={1}
                          data-value={2}
                          data-year={2017}
                          onClick={[Function]}
                        >
                          2
                        </td>
                        <td
                          className="rdtDay rdtNew"
                          data-month={1}
                          data-value={3}
                          data-year={2017}
                          onClick={[Function]}
                        >
                          3
                        </td>
                        <td
                          className="rdtDay rdtNew"
                          data-month={1}
                          data-value={4}
                          data-year={2017}
                          onClick={[Function]}
                        >
                          4
                        </td>
                        <td
                          className="rdtDay rdtNew"
                          data-month={1}
                          data-value={5}
                          data-year={2017}
                          onClick={[Function]}
                        >
                          5
                        </td>
                      </tr>
                    </tbody>
                  </table>
                </div>
              </div>
            </div>
          </div>
          <div
            className="sc-bwzfXH itECxU"
          >
            <p
              className="form-label visible-md visible-lg"
            />
            <button
              className="sc-htpNat ljwtnZ"
              disabled={false}
              id="apply-filter"
              type="submit"
            >
              Apply filters
            </button>
          </div>
        </div>
      </div>
    </div>
    <a
      className="clear-filters link clickable"
      id="clear-filters"
      onClick={[Function]}
      onKeyDown={[Function]}
      role="link"
      tabIndex={0}
    >
      Clear filters
    </a>
  </div>
</form>
`;
