// Jest Snapshot v1, https://goo.gl/fbAQLP

exports[`Hearing should render empty data correctly 1`] = `
<div
  className="sc-EHOje jyflZT"
>
  <h3
    className="sc-htpNat KTbaq"
  >
    Hearing details
  </h3>
  <div
    className="sc-bdVaJa iAgRsv"
  >
    <div
      className="sc-bwzfXH ixikxx"
    >
      <strong
        className="label"
      >
        Type
      </strong>
      <p
        className="sc-bxivhb ddqgmM"
      >
        --
      </p>
    </div>
    <div
      className="sc-bwzfXH ixikxx"
    >
      <strong
        className="label"
      >
        Date
      </strong>
      <p
        className="sc-bxivhb ddqgmM"
      >
        --
      </p>
    </div>
    <div
      className="sc-bwzfXH ixikxx"
    >
      <strong
        className="label"
      >
        Location
      </strong>
      <p
        className="sc-ifAKCX ftAxxp"
      >
        --
      </p>
      <p>
        --
      </p>
    </div>
    <div
      className="sc-bwzfXH ixikxx"
    >
      <strong
        className="label"
      >
        Heard by
      </strong>
      <p
        className="sc-bxivhb ddqgmM"
      >
        --
      </p>
    </div>
    <div
      className="sc-bwzfXH ixikxx"
    >
      <strong
        className="label"
      >
        Other representatives
      </strong>
      <p
        className="sc-bxivhb ddqgmM"
      >
        --
      </p>
    </div>
  </div>
</div>
`;

exports[`Hearing should render missing hearing correctly 1`] = `
<div
  className="sc-EHOje jyflZT"
>
  <h3
    className="sc-htpNat KTbaq"
  >
    Hearing details
  </h3>
  <p>
    No hearing details available
  </p>
</div>
`;

exports[`Hearing should render present hearing correctly 1`] = `
<div
  className="sc-EHOje jyflZT"
>
  <h3
    className="sc-htpNat KTbaq"
  >
    Hearing details
  </h3>
  <div
    className="sc-bdVaJa iAgRsv"
  >
    <div
      className="sc-bwzfXH ixikxx"
    >
      <strong
        className="label"
      >
        Type
      </strong>
      <p
        className="sc-bxivhb ddqgmM"
      >
        Adult
      </p>
    </div>
    <div
      className="sc-bwzfXH ixikxx"
    >
      <strong
        className="label"
      >
        Date
      </strong>
      <p
        className="sc-bxivhb ddqgmM"
      >
        12/04/2017 - 12:54
      </p>
    </div>
    <div
      className="sc-bwzfXH ixikxx"
    >
      <strong
        className="label"
      >
        Location
      </strong>
      <p
        className="sc-ifAKCX ftAxxp"
      >
        MDI-CR-12
      </p>
      <p>
        --
      </p>
    </div>
    <div
      className="sc-bwzfXH ixikxx"
    >
      <strong
        className="label"
      >
        Heard by
      </strong>
      <p
        className="sc-bxivhb ddqgmM"
      >
        Jane Smith
      </p>
    </div>
    <div
      className="sc-bwzfXH ixikxx"
    >
      <strong
        className="label"
      >
        Other representatives
      </strong>
      <p
        className="sc-bxivhb ddqgmM"
      >
        CLLR Jones
      </p>
    </div>
  </div>
  <div
    className="sc-bdVaJa iAgRsv"
  >
    <div
      className="sc-bwzfXH gWDLqX"
    >
      <strong
        className="label"
      >
        Comments
      </strong>
      <p
        className="sc-bxivhb ddqgmM"
      >
        Nothing really
      </p>
    </div>
  </div>
</div>
`;
