// Jest Snapshot v1, https://goo.gl/fbAQLP

exports[`Results should render no results correctly 1`] = `
<div
  className="sc-EHOje jyflZT"
>
  <h3
    className="sc-htpNat KTbaq"
  >
    Results
  </h3>
  <p>
    No results available
  </p>
</div>
`;

exports[`Results should render present results correctly 1`] = `
<div
  className="sc-EHOje jyflZT"
>
  <h3
    className="sc-htpNat KTbaq"
  >
    Results
  </h3>
  <div
    className="sc-bZQynM eEnHqJ"
  >
    <div
      className="sc-bdVaJa iAgRsv"
    >
      <div
        className="sc-bwzfXH ixikxx"
      >
        <strong
          className="label"
        >
          Offence paragraph
        </strong>
        <p
          className="sc-bxivhb ddqgmM"
        >
          12:21
        </p>
      </div>
      <div
        className="sc-bwzfXH ergde"
      >
        <strong
          className="label"
        >
          Offence type
        </strong>
        <p
          className="sc-bxivhb ddqgmM"
        >
          Adult
        </p>
      </div>
      <div
        className="sc-bwzfXH dHeecD"
      >
        <strong
          className="label"
        >
          Offence description
        </strong>
        <p
          className="sc-bxivhb ddqgmM"
        >
          Assault
        </p>
      </div>
      <div
        className="sc-bwzfXH gWDLqX"
      >
        <strong
          className="label"
        >
          Plea
        </strong>
        <p
          className="sc-bxivhb ddqgmM"
        >
          Not Guilty
        </p>
      </div>
      <div
        className="sc-bwzfXH gWDLqX"
      >
        <strong
          className="label"
        >
          Finding
        </strong>
        <p
          className="sc-bxivhb ddqgmM"
        >
          Guilty
        </p>
      </div>
    </div>
  </div>
  <div
    className="sc-bZQynM bGQQfc"
  >
    <div
      className="sc-bdVaJa iAgRsv"
    >
      <div
        className="sc-bwzfXH ixikxx"
      >
        <strong
          className="label"
        >
          Offence paragraph
        </strong>
        <p
          className="sc-bxivhb ddqgmM"
        >
          23D
        </p>
      </div>
      <div
        className="sc-bwzfXH ergde"
      >
        <strong
          className="label"
        >
          Offence type
        </strong>
        <p
          className="sc-bxivhb ddqgmM"
        >
          Adult
        </p>
      </div>
      <div
        className="sc-bwzfXH dHeecD"
      >
        <strong
          className="label"
        >
          Offence description
        </strong>
        <p
          className="sc-bxivhb ddqgmM"
        >
          Stealing
        </p>
      </div>
      <div
        className="sc-bwzfXH gWDLqX"
      >
        <strong
          className="label"
        >
          Plea
        </strong>
        <p
          className="sc-bxivhb ddqgmM"
        >
          Not Guilty
        </p>
      </div>
      <div
        className="sc-bwzfXH gWDLqX"
      >
        <strong
          className="label"
        >
          Finding
        </strong>
        <p
          className="sc-bxivhb ddqgmM"
        >
          Not Proved
        </p>
      </div>
    </div>
  </div>
</div>
`;
